// Jest Snapshot v1, https://goo.gl/fbAQLP

exports[`App.js App renders without crashing 1`] = `
<View
  onLayout={[Function]}
  style={
    Array [
      Object {
        "flex": 1,
      },
    ]
  }
>
  <View
    onMoveShouldSetResponder={[Function]}
    onMoveShouldSetResponderCapture={[Function]}
    onResponderEnd={[Function]}
    onResponderGrant={[Function]}
    onResponderMove={[Function]}
    onResponderReject={[Function]}
    onResponderRelease={[Function]}
    onResponderStart={[Function]}
    onResponderTerminate={[Function]}
    onResponderTerminationRequest={[Function]}
    onStartShouldSetResponder={[Function]}
    onStartShouldSetResponderCapture={[Function]}
    style={
      Array [
        Object {
          "flex": 1,
          "flexDirection": "column-reverse",
        },
        Object {
          "backgroundColor": "#000",
        },
      ]
    }
  >
    <View
      style={
        Object {
          "flex": 1,
        }
      }
    >
      <View
        collapsable={undefined}
        pointerEvents="auto"
        style={
          Object {
            "backgroundColor": "#EFEFF4",
            "bottom": 0,
            "left": 0,
            "opacity": 1,
            "position": "absolute",
            "right": 0,
            "shadowColor": "black",
            "shadowOffset": Object {
              "height": 0,
              "width": 0,
            },
            "shadowOpacity": 0.2,
            "shadowRadius": 5,
            "top": 0,
            "transform": Array [
              Object {
                "translateX": 0,
              },
              Object {
                "translateY": 0,
              },
            ],
          }
        }
      >
        <View
          style={
            Object {
              "flex": 1,
              "height": 1334,
            }
          }
          virtual={undefined}
        >
          <View>
            <View
              style={
                Array [
                  Object {
                    "backgroundColor": "#F8F8F8",
                    "borderBottomColor": "#a7a6ab",
                    "borderBottomWidth": 0.5,
                    "elevation": 3,
                    "flexDirection": "row",
                    "height": 64,
                    "justifyContent": "center",
                    "left": 0,
                    "paddingLeft": 10,
                    "paddingRight": 10,
                    "paddingTop": 15,
                    "right": 0,
                    "shadowColor": undefined,
                    "shadowOffset": undefined,
                    "shadowOpacity": undefined,
                    "shadowRadius": undefined,
                    "top": 0,
                  },
                  Object {
                    "backgroundColor": "gold",
                  },
                ]
              }
              virtual={undefined}
            >
              <View
                style={
                  Object {
                    "alignItems": "flex-start",
                    "alignSelf": "center",
                    "flex": 1,
                  }
                }
                virtual={undefined}
              />
              <View
                style={
                  Object {
                    "alignItems": "center",
                    "alignSelf": "center",
                    "flex": 1,
                  }
                }
                virtual={undefined}
              >
                <Text
                  accessible={true}
                  allowFontScaling={true}
                  ellipsizeMode="tail"
                  numberOfLines={1}
                  style={
                    Object {
                      "color": "#000",
                      "fontFamily": "System",
                      "fontSize": 17,
                      "fontWeight": "600",
                      "textAlign": "center",
                    }
                  }
                  virtual={undefined}
                >
                  Herkyles
                </Text>
              </View>
              <View
                style={
                  Object {
                    "alignItems": "flex-end",
                    "alignSelf": "center",
                    "flex": 1,
                    "flexDirection": "row",
                    "justifyContent": "flex-end",
                  }
                }
                virtual={undefined}
              >
                <View
                  accessibilityComponentType={undefined}
                  accessibilityLabel={undefined}
                  accessibilityTraits={undefined}
                  accessible={true}
                  collapsable={undefined}
                  hasTVPreferredFocus={undefined}
                  hitSlop={undefined}
                  isTVSelectable={true}
                  nativeID={undefined}
                  onLayout={undefined}
                  onResponderGrant={[Function]}
                  onResponderMove={[Function]}
                  onResponderRelease={[Function]}
                  onResponderTerminate={[Function]}
                  onResponderTerminationRequest={[Function]}
                  onStartShouldSetResponder={[Function]}
                  style={
                    Object {
                      "alignItems": "center",
                      "alignSelf": null,
                      "backgroundColor": null,
                      "borderBottomWidth": null,
                      "borderColor": null,
                      "borderLeftWidth": null,
                      "borderRadius": 50,
                      "borderRightWidth": null,
                      "borderTopWidth": null,
                      "elevation": 0,
                      "flexDirection": "row",
                      "height": 45,
                      "justifyContent": "space-between",
                      "marginRight": -8,
                      "opacity": 1,
                      "paddingBottom": 6,
                      "paddingLeft": 15,
                      "paddingRight": 15,
                      "paddingTop": 6,
                      "shadowColor": null,
                      "shadowOffset": null,
                      "shadowOpacity": null,
                      "shadowRadius": null,
                    }
                  }
                  testID={undefined}
                  tvParallaxProperties={undefined}
                >
                  <Text
                    accessible={true}
                    allowFontScaling={true}
                    ellipsizeMode="tail"
                  />
                </View>
              </View>
            </View>
          </View>
          <RCTScrollView
            automaticallyAdjustContentInsets={false}
            contentContainerStyle={undefined}
            contentInset={
              Object {
                "bottom": 0,
              }
            }
            enableAutoAutomaticScroll={true}
            enableResetScrollToCoords={true}
            extraHeight={75}
            extraScrollHeight={0}
            getScrollResponder={[Function]}
            handleOnScroll={[Function]}
            keyboardDismissMode="interactive"
            keyboardOpeningTime={250}
            keyboardShouldPersistTaps="handled"
            keyboardSpace={0}
            onScroll={[Function]}
            resetKeyboardSpace={[Function]}
            resetScrollToCoords={
              Object {
                "x": 0,
                "y": 0,
              }
            }
            scrollEventThrottle={1}
            scrollForExtraHeightOnAndroid={[Function]}
            scrollToEnd={[Function]}
            scrollToFocusedInput={[Function]}
            scrollToPosition={[Function]}
            showsVerticalScrollIndicator={true}
            style={
              Object {
                "backgroundColor": "transparent",
                "flex": 1,
              }
            }
            viewIsInsideTabBar={false}
            virtual={undefined}
          >
            <View>
              <RCTScrollView
                scrollsToTop={true}
              >
                <View>
                  <View
                    style={
                      Object {
                        "alignItems": "center",
                        "flex": 1,
                        "justifyContent": "center",
                      }
                    }
                  >
                    <View
                      accessibilityComponentType={undefined}
                      accessibilityLabel={undefined}
                      accessibilityTraits={undefined}
                      accessible={true}
                      collapsable={undefined}
                      hasTVPreferredFocus={undefined}
                      hitSlop={undefined}
                      isTVSelectable={true}
                      nativeID={undefined}
                      onLayout={undefined}
                      onResponderGrant={[Function]}
                      onResponderMove={[Function]}
                      onResponderRelease={[Function]}
                      onResponderTerminate={[Function]}
                      onResponderTerminationRequest={[Function]}
                      onStartShouldSetResponder={[Function]}
                      style={
                        Object {
                          "flex": 1,
                          "flexDirection": "column",
                          "justifyContent": "center",
                          "marginBottom": 20,
                          "opacity": 1,
                          "padding": 0,
                          "shadowColor": "#303838",
                          "shadowOffset": Object {
                            "height": 5,
                            "width": 0,
                          },
                          "shadowOpacity": 0.35,
                          "shadowRadius": 10,
                        }
                      }
                      testID={undefined}
                      tvParallaxProperties={undefined}
                    >
                      <Image
                        resizeMode="cover"
                        source={1}
                        style={
                          Object {
                            "width": 750,
                          }
                        }
                      />
                      <Text
                        accessible={true}
                        allowFontScaling={true}
                        ellipsizeMode="tail"
                        style={
                          Array [
                            Object {
                              "color": "#000",
                              "fontFamily": "System",
                              "fontSize": 16,
                            },
                            Object {
                              "fontSize": 30,
                              "textAlign": "center",
                            },
                          ]
                        }
                        uppercase={false}
                        virtual={undefined}
                      >
                        Campus Recreation & Wellness Center
                      </Text>
                      <Text
                        accessible={true}
                        allowFontScaling={true}
                        ellipsizeMode="tail"
                        style={
                          Array [
                            Object {
                              "color": "#000",
                              "fontFamily": "System",
                              "fontSize": 16,
                            },
                            Object {
                              "fontSize": 20,
                              "textAlign": "center",
                            },
                          ]
                        }
                        uppercase={false}
                        virtual={undefined}
                      >
                        
Hours
                      </Text>
                      <Text
                        accessible={true}
                        allowFontScaling={true}
                        ellipsizeMode="tail"
                        style={
                          Array [
                            Object {
                              "color": "#000",
                              "fontFamily": "System",
                              "fontSize": 16,
                            },
                            Object {
                              "fontSize": 15,
                              "textAlign": "center",
                            },
                          ]
                        }
                        uppercase={false}
                        virtual={undefined}
                      >
                        
Weekday: 5AM - 7PM
                      </Text>
                      <Text
                        accessible={true}
                        allowFontScaling={true}
                        ellipsizeMode="tail"
                        style={
                          Array [
                            Object {
                              "color": "#000",
                              "fontFamily": "System",
                              "fontSize": 16,
                            },
                            Object {
                              "fontSize": 15,
                              "textAlign": "center",
                            },
                          ]
                        }
                        uppercase={false}
                        virtual={undefined}
                      >
                        Weekend: 5:30AM - 8PM
                      </Text>
                    </View>
                  </View>
                  <View
                    style={
                      Object {
                        "alignItems": "center",
                        "flex": 1,
                        "justifyContent": "center",
                      }
                    }
                  >
                    <View
                      accessibilityComponentType={undefined}
                      accessibilityLabel={undefined}
                      accessibilityTraits={undefined}
                      accessible={true}
                      collapsable={undefined}
                      hasTVPreferredFocus={undefined}
                      hitSlop={undefined}
                      isTVSelectable={true}
                      nativeID={undefined}
                      onLayout={undefined}
                      onResponderGrant={[Function]}
                      onResponderMove={[Function]}
                      onResponderRelease={[Function]}
                      onResponderTerminate={[Function]}
                      onResponderTerminationRequest={[Function]}
                      onStartShouldSetResponder={[Function]}
                      style={
                        Object {
                          "flex": 1,
                          "flexDirection": "column",
                          "justifyContent": "center",
                          "marginBottom": 20,
                          "opacity": 1,
                          "padding": 0,
                          "shadowColor": "#303838",
                          "shadowOffset": Object {
                            "height": 5,
                            "width": 0,
                          },
                          "shadowOpacity": 0.35,
                          "shadowRadius": 10,
                        }
                      }
                      testID={undefined}
                      tvParallaxProperties={undefined}
                    >
                      <Image
                        resizeMode="cover"
                        source={1}
                        style={
                          Object {
                            "width": 750,
                          }
                        }
                      />
                      <Text
                        accessible={true}
                        allowFontScaling={true}
                        ellipsizeMode="tail"
                        style={
                          Array [
                            Object {
                              "color": "#000",
                              "fontFamily": "System",
                              "fontSize": 16,
                            },
                            Object {
                              "fontSize": 30,
                              "textAlign": "center",
                            },
                          ]
                        }
                        uppercase={false}
                        virtual={undefined}
                      >
                        
Field House
                      </Text>
                      <Text
                        accessible={true}
                        allowFontScaling={true}
                        ellipsizeMode="tail"
                        style={
                          Array [
                            Object {
                              "color": "#000",
                              "fontFamily": "System",
                              "fontSize": 16,
                            },
                            Object {
                              "fontSize": 20,
                              "textAlign": "center",
                            },
                          ]
                        }
                        uppercase={false}
                        virtual={undefined}
                      >
                        
Hours
                      </Text>
                      <Text
                        accessible={true}
                        allowFontScaling={true}
                        ellipsizeMode="tail"
                        style={
                          Array [
                            Object {
                              "color": "#000",
                              "fontFamily": "System",
                              "fontSize": 16,
                            },
                            Object {
                              "fontSize": 15,
                              "textAlign": "center",
                            },
                          ]
                        }
                        uppercase={false}
                        virtual={undefined}
                      >
                        
Weekday: 5AM - 7PM
                      </Text>
                      <Text
                        accessible={true}
                        allowFontScaling={true}
                        ellipsizeMode="tail"
                        style={
                          Array [
                            Object {
                              "color": "#000",
                              "fontFamily": "System",
                              "fontSize": 16,
                            },
                            Object {
                              "fontSize": 15,
                              "textAlign": "center",
                            },
                          ]
                        }
                        uppercase={false}
                        virtual={undefined}
                      >
                        Weekend: 5:30AM - 8PM
                      </Text>
                    </View>
                  </View>
                  <View
                    style={
                      Object {
                        "alignItems": "center",
                        "flex": 1,
                        "justifyContent": "center",
                      }
                    }
                  >
                    <View
                      accessibilityComponentType={undefined}
                      accessibilityLabel={undefined}
                      accessibilityTraits={undefined}
                      accessible={true}
                      collapsable={undefined}
                      hasTVPreferredFocus={undefined}
                      hitSlop={undefined}
                      isTVSelectable={true}
                      nativeID={undefined}
                      onLayout={undefined}
                      onResponderGrant={[Function]}
                      onResponderMove={[Function]}
                      onResponderRelease={[Function]}
                      onResponderTerminate={[Function]}
                      onResponderTerminationRequest={[Function]}
                      onStartShouldSetResponder={[Function]}
                      style={
                        Object {
                          "flex": 1,
                          "flexDirection": "column",
                          "justifyContent": "center",
                          "marginBottom": 20,
                          "opacity": 1,
                          "padding": 0,
                          "shadowColor": "#303838",
                          "shadowOffset": Object {
                            "height": 5,
                            "width": 0,
                          },
                          "shadowOpacity": 0.35,
                          "shadowRadius": 10,
                        }
                      }
                      testID={undefined}
                      tvParallaxProperties={undefined}
                    >
                      <Image
                        resizeMode="cover"
                        source={1}
                        style={
                          Object {
                            "width": 750,
                          }
                        }
                      />
                      <Text
                        accessible={true}
                        allowFontScaling={true}
                        ellipsizeMode="tail"
                        style={
                          Array [
                            Object {
                              "color": "#000",
                              "fontFamily": "System",
                              "fontSize": 16,
                            },
                            Object {
                              "fontSize": 30,
                              "textAlign": "center",
                            },
                          ]
                        }
                        uppercase={false}
                        virtual={undefined}
                      >
                        
Fitness East Recreational Facilty
                      </Text>
                      <Text
                        accessible={true}
                        allowFontScaling={true}
                        ellipsizeMode="tail"
                        style={
                          Array [
                            Object {
                              "color": "#000",
                              "fontFamily": "System",
                              "fontSize": 16,
                            },
                            Object {
                              "fontSize": 20,
                              "textAlign": "center",
                            },
                          ]
                        }
                        uppercase={false}
                        virtual={undefined}
                      >
                        
Hours
                      </Text>
                      <Text
                        accessible={true}
                        allowFontScaling={true}
                        ellipsizeMode="tail"
                        style={
                          Array [
                            Object {
                              "color": "#000",
                              "fontFamily": "System",
                              "fontSize": 16,
                            },
                            Object {
                              "fontSize": 15,
                              "textAlign": "center",
                            },
                          ]
                        }
                        uppercase={false}
                        virtual={undefined}
                      >
                        
Weekday: 5AM - 7PM
                      </Text>
                      <Text
                        accessible={true}
                        allowFontScaling={true}
                        ellipsizeMode="tail"
                        style={
                          Array [
                            Object {
                              "color": "#000",
                              "fontFamily": "System",
                              "fontSize": 16,
                            },
                            Object {
                              "fontSize": 15,
                              "textAlign": "center",
                            },
                          ]
                        }
                        uppercase={false}
                        virtual={undefined}
                      >
                        Weekend: 5:30AM - 8PM
                      </Text>
                    </View>
                  </View>
                </View>
              </RCTScrollView>
            </View>
          </RCTScrollView>
        </View>
      </View>
    </View>
  </View>
</View>
`;
